[    0.000000] Booting Linux on physical CPU 0x0000000000 [0x51af8014]
[    0.000000] Linux version 4.19.294-Scarlet-X-v10.3 (Tashar@Gitpod) (Neutron clang version 18.0.0, Neutron LLD 18.0.0) #1 SMP PREEMPT Fri Oct 20 08:56:21 UTC 2023
[    0.000000] Machine model: Qualcomm Technologies, Inc. SDM 660 PM660 + PM660L MTP, Jasmine
[    0.000000] Reserved memory: created CMA memory pool at 0x00000000fe800000, size 20 MiB
[    0.000000] OF: reserved mem: initialized node qseecom_region, compatible id shared-dma-pool
[    0.000000] Reserved memory: created CMA memory pool at 0x000000009cc00000, size 8 MiB
[    0.000000] OF: reserved mem: initialized node venus_fw_region, compatible id shared-dma-pool
[    0.000000] Reserved memory: created CMA memory pool at 0x00000000fd800000, size 16 MiB
[    0.000000] OF: reserved mem: initialized node qseecom_ta_region, compatible id shared-dma-pool
[    0.000000] Reserved memory: created CMA memory pool at 0x00000000fd000000, size 8 MiB
[    0.000000] OF: reserved mem: initialized node adsp_region, compatible id shared-dma-pool
[    0.000000] Reserved memory: created CMA memory pool at 0x00000000f5000000, size 128 MiB
[    0.000000] OF: reserved mem: initialized node linux,cma, compatible id shared-dma-pool
[    0.000000] Reserved memory: created CMA memory pool at 0x00000000ef400000, size 92 MiB
[    0.000000] OF: reserved mem: initialized node secure_region, compatible id shared-dma-pool
[    0.000000] Removed memory: created DMA memory pool at 0x0000000085700000, size 1 MiB
[    0.000000] OF: reserved mem: initialized node wlan_msa_mem@85700000, compatible id removed-dma-pool
[    0.000000] Removed memory: created DMA memory pool at 0x0000000085800000, size 8 MiB
[    0.000000] OF: reserved mem: initialized node removed_regions@85800000, compatible id removed-dma-pool
[    0.000000] Removed memory: created DMA memory pool at 0x0000000086000000, size 2 MiB
[    0.000000] OF: reserved mem: initialized node smem-mem@86000000, compatible id removed-dma-pool
[    0.000000] Removed memory: created DMA memory pool at 0x0000000086200000, size 45 MiB
[    0.000000] OF: reserved mem: initialized node removed_regions@86200000, compatible id removed-dma-pool
[    0.000000] Removed memory: created DMA memory pool at 0x000000008ac00000, size 126 MiB
[    0.000000] OF: reserved mem: initialized node modem_fw_region@8ac00000, compatible id removed-dma-pool
[    0.000000] Removed memory: created DMA memory pool at 0x0000000092a00000, size 30 MiB
[    0.000000] OF: reserved mem: initialized node adsp_fw_region@92a00000, compatible id removed-dma-pool
[    0.000000] Removed memory: created DMA memory pool at 0x0000000094800000, size 2 MiB
[    0.000000] OF: reserved mem: initialized node pil_mba_region@94800000, compatible id removed-dma-pool
[    0.000000] Removed memory: created DMA memory pool at 0x0000000094a00000, size 6 MiB
[    0.000000] OF: reserved mem: initialized node cdsp_fw_region@94a00000, compatible id removed-dma-pool
[    0.000000] Removed memory: created DMA memory pool at 0x00000000a0000000, size 4 MiB
[    0.000000] OF: reserved mem: initialized node ramoops, compatible id removed-dma-pool
[    0.000000] On node 0 totalpages: 984256
[    0.000000]   DMA32 zone: 7296 pages used for memmap
[    0.000000]   DMA32 zone: 0 pages reserved
[    0.000000]   DMA32 zone: 466944 pages, LIFO batch:63
[    0.000000]   Normal zone: 8083 pages used for memmap
[    0.000000]   Normal zone: 517312 pages, LIFO batch:63
[    0.000000] psci: probing for conduit method from DT.
[    0.000000] psci: PSCIv1.0 detected in firmware.
[    0.000000] psci: Using standard PSCI v0.2 function IDs
[    0.000000] psci: MIGRATE_INFO_TYPE not supported.
[    0.000000] psci: SMC Calling Convention v1.0
[    0.000000] Did not receive the expected number of bytes from PRNG: 0
[    0.000000] percpu: Embedded 23 pages/cpu s62936 r0 d31272 u94208
[    0.000000] pcpu-alloc: s62936 r0 d31272 u94208 alloc=23*4096
[    0.000000] pcpu-alloc: [0] 0 [0] 1 [0] 2 [0] 3 [0] 4 [0] 5 [0] 6 [0] 7 
[    0.000000] CPU features: enabling workaround for ARM erratum 845719
[    0.000000] spectrev2 mitigation disabled by kernel configuration
[    0.000000] CPU features: kernel page table isolation disabled by kernel configuration
[    0.000000] Built 1 zonelists, mobility grouping on.  Total pages: 968877
[    0.000000] Kernel command line: rcupdate.rcu_normal_after_boot=1 rcu_nocbs=0-7 quiet noirqdebug nodebugmon androidboot.hardware=qcom user_debug=31 msm_rtb.filter=0x37 ehci-hcd.park=3 lpm_levels.sleep_disabled=1 service_locator.enable=1 androidboot.configfs=true androidboot.usbcontroller=a800000.dwc3 loop.max_part=7 printk.devkmsg=on usbcore.autosuspend=7 kpti=off buildvariant=userdebug veritykeyid=id:7e4333f9bba00adfe0ede979e28ed1920492b40f rcu_nocbs=0-7 isolcpus=1-7 nohz_full=1-7 loglevel=0 root=/dev/dm-0 dm="system none ro,0 1 android-verity /dev/mmcblk0p65" androidboot.verifiedbootstate=orange androidboot.keymaster=1  androidboot.veritymode=enforcing androidboot.bootdevice=c0c4000.sdhci androidboot.serialno=REDACTED androidboot.cpuid=REDACTED androidboot.baseband=msm mdss_mdp.panel=1:dsi:0:qcom,mdss_dsi_nt36672_tianma_fhd_video:config0:1:none:cfg:single_dsi androidboot.slot_suffix=_a skip_initramfs rootwait ro init=/init androidboot.dtb_idx=-1347440721 androidboot.fpsensor=fpc andr
[    0.000000] IRQ lockup detection disabled
[    0.000000] device-mapper: init: will configure 1 devices
[    0.000000] Dentry cache hash table entries: 524288 (order: 10, 4194304 bytes)
[    0.000000] Inode-cache hash table entries: 262144 (order: 9, 2097152 bytes)
[    0.000000] mem auto-init: stack:all(zero), heap alloc:on, heap free:off
[    0.000000] software IO TLB: mapped [mem 0xeb400000-0xef400000] (64MB)
[    0.000000] Memory: 3441024K/3937024K available (19582K kernel code, 2450K rwdata, 5564K rodata, 576K init, 3604K bss, 217472K reserved, 278528K cma-reserved)
[    0.000000] SLUB: HWalign=64, Order=0-3, MinObjects=0, CPUs=8, Nodes=1
[    0.000000] rcu: Preemptible hierarchical RCU implementation.
[    0.000000] rcu: 	RCU dyntick-idle grace-period acceleration is enabled.
[    0.000000] 	No expedited grace period (rcu_normal_after_boot).
[    0.000000] 	Trampoline variant of Tasks RCU enabled.
[    0.000000] rcu: RCU calculated value of scheduler-enlistment delay is 30 jiffies.
[    0.000000] NR_IRQS: 64, nr_irqs: 64, preallocated irqs: 0
[    0.000000] GICv3: Distributor has no Range Selector support
[    0.000000] GICv3: no VLPI support, no direct LPI support
[    0.000000] NO_HZ: Full dynticks CPUs: 1-7.
[    0.000000] rcu: 	Offload RCU callbacks from CPUs: 0-7.
[    0.000000] arch_timer: cp15 and mmio timer(s) running at 19.20MHz (virt/virt).
[    0.000000] clocksource: arch_sys_counter: mask: 0xffffffffffffff max_cycles: 0x46d987e47, max_idle_ns: 440795202767 ns
[    0.000003] sched_clock: 56 bits at 19MHz, resolution 52ns, wraps every 4398046511078ns
[    0.000012] clocksource: Switched to clocksource arch_sys_counter
[    0.001108] Calibrating delay loop (skipped), value calculated using timer frequency.. 38.00 BogoMIPS (lpj=64000)
[    0.001117] pid_max: default: 32768 minimum: 301
[    0.001178] LSM: Security Framework initializing
[    0.001184] SELinux:  Initializing.
[    0.001252] Mount-cache hash table entries: 8192 (order: 4, 65536 bytes)
[    0.001265] Mountpoint-cache hash table entries: 8192 (order: 4, 65536 bytes)
[    0.002516] ASID allocator initialised with 65536 entries
[    0.002582] rcu: Hierarchical SRCU implementation.
[    0.005868] smp: Bringing up secondary CPUs ...
[    0.013863] CPU features: enabling workaround for ARM erratum 858921
[    0.014098] arch_timer: Enabling local workaround for ARM erratum 858921
[    0.017110] arch_timer: Enabling local workaround for ARM erratum 858921
[    0.019537] arch_timer: Enabling local workaround for ARM erratum 858921
[    0.023364] arch_timer: Enabling local workaround for ARM erratum 858921
[    0.023590] smp: Brought up 1 node, 8 CPUs
[    0.023594] SMP: Total of 8 processors activated.
[    0.023598] CPU features: detected: GIC system register CPU interface
[    0.023600] CPU features: detected: 32-bit EL0 Support
[    0.023603] CPU features: detected: CRC32 instructions
[    0.023749] CPU: All CPU(s) started at EL1
[    0.023793] alternatives: patching kernel code
[    0.086883] Registered cp15_barrier emulation handler
[    0.086899] Registered setend emulation handler
[    0.087010] clocksource: jiffies: mask: 0xffffffff max_cycles: 0xffffffff, max_idle_ns: 6370867519511994 ns
[    0.087036] futex hash table entries: 2048 (order: 5, 131072 bytes)
[    0.100067] pinctrl core: initialized pinctrl subsystem
[    0.100157] regulator: Failed to create debugfs directory
[    0.103043] thermal_sys: of_parse_thermal_message board sensor: quiet_therm
[    0.103385] NET: Registered protocol family 16
[    0.104326] schedtune: configured to support 7 boost groups
[    0.104864] cpuidle: using governor qcom
[    0.104952] NET: Registered protocol family 42
[    0.106182] DMA: preallocated 256 KiB pool for atomic allocations
[    0.106828] DMA: preallocated 256 KiB pool for atomic allocations
[    0.111234] console [pstore0] enabled
[    0.111286] pstore: Registered ramoops as persistent store backend
[    0.111290] ramoops: attached 0x400000@0xa0000000, ecc: 0/0
[    0.115367] platform soc:qcom,msm-adsprpc-mem: assigned reserved memory node adsp_region
[    0.115636] platform soc:smem: assigned reserved memory node smem-mem@86000000
[    0.116428] platform cce0000.qcom,venus: assigned reserved memory node venus_fw_region
[    0.117045] platform 15700000.qcom,lpass: assigned reserved memory node adsp_fw_region@92a00000
[    0.117177] platform 1a300000.qcom,turing: assigned reserved memory node cdsp_fw_region@94a00000
[    0.117350] platform 4080000.qcom,mss: assigned reserved memory node modem_fw_region@8ac00000
[    0.137859] spmi spmi-0: PMIC arbiter version v3 (0x30000000)
[    0.143128] msm_watchdog 17817000.qcom,wdt: wdog absent resource not present
[    0.143366] msm_watchdog 17817000.qcom,wdt: MSM Watchdog Initialized
[    0.143472] sps:sps is ready.
[    0.143945] gpu-sdm660 5065000.clock-controller: Registered GPU RBCPR clocks
[    0.144996] qcom_glink_rpm soc:rpm-glink: failed to register early notif -22
[    0.145412] qcom_smd_rpm_probe: RPM-SMD running version 0
[    0.149752] gfx_mem_acc_corner: Bringing 0uV into 1-1uV
[    0.149906] msm_gfx_ldo: Bringing 0uV into 400000-400000uV
[    0.154500] gfx_stub_corner: supplied by regulator-dummy
[    0.160147] cryptd: max_cpu_qlen set to 1000
[    0.161650] gdsc_vfe0: supplied by gdsc_camss_top
[    0.161763] gdsc_vfe1: supplied by gdsc_camss_top
[    0.161878] gdsc_cpp: supplied by gdsc_camss_top
[    0.162996] socinfo_print: v0.11, id=317, ver=1.0, raw_id=140, raw_ver=0, hw_plat=8, hw_plat_ver=65536
                accessory_chip=0, hw_plat_subtype=0, pmic_model=65563, pmic_die_revision=131072 foundry_id=3 serial_number=640512517 num_pmics=2
[    0.164984] arm-smmu 16c0000.arm,smmu-anoc2: Couldn't get clock: smmu_aggr2_noc_clk
[    0.165153] arm-smmu 5100000.arm,smmu-lpass_q6: Couldn't get clock: lpass_q6_smmu_clk
[    0.165365] arm-smmu cd00000.arm,smmu-mmss: Couldn't get clock: mmss_mnoc_ahb_clk
[    0.165446] arm-smmu 5040000.arm,smmu-kgsl: Couldn't get clock: gcc_gpu_cfg_ahb_clk
[    0.165611] arm-smmu 5180000.arm,smmu-turing_q6: Couldn't get clock: turing_q6_smmu_clk
[    0.165862] Error: Driver 'arm-smmu' is already registered, aborting...
[    0.166064] qcom,qpnp-misc 800f000.qcom,spmi:qcom,pm660@0:qcom,misc@900: probe successful
[    0.166330] SCSI subsystem initialized
[    0.166403] usbcore: registered new interface driver usbfs
[    0.166424] usbcore: registered new interface driver hub
[    0.166448] usbcore: registered new device driver usb
[    0.166575] usb_phy_generic soc:usb_nop_phy: soc:usb_nop_phy supply vcc not found, using dummy regulator
[    0.166994] qcom,qpnp-power-on 800f000.qcom,spmi:qcom,pm660@0:qcom,power-on@800: PMIC@SID0 Power-on reason: Triggered from Hard Reset and 'cold' boot
[    0.167019] qcom,qpnp-power-on 800f000.qcom,spmi:qcom,pm660@0:qcom,power-on@800: PMIC@SID0: Power-off reason: Triggered from PS_HOLD (PS_HOLD/MSM Controlled Shutdown)
[    0.167181] input: qpnp_pon as /devices/platform/soc/800f000.qcom,spmi/spmi-0/spmi0-00/800f000.qcom,spmi:qcom,pm660@0:qcom,power-on@800/input/input0
[    0.167908] qcom,qpnp-power-on 800f000.qcom,spmi:qcom,pm660l@2:qcom,power-on@800: PMIC@SID2 Power-on reason: Triggered from PON1 (Secondary PMIC) and 'cold' boot
[    0.167930] qcom,qpnp-power-on 800f000.qcom,spmi:qcom,pm660l@2:qcom,power-on@800: PMIC@SID2: Power-off reason: Triggered from GP1 (Keypad_Reset1)
[    0.168723] media: Linux media interface: v0.10
[    0.168746] videodev: Linux video capture interface: v2.00
[    0.172199] platform soc:qcom,ion:qcom,ion-heap@22: assigned reserved memory node adsp_region
[    0.172294] platform soc:qcom,ion:qcom,ion-heap@27: assigned reserved memory node qseecom_region
[    0.172378] platform soc:qcom,ion:qcom,ion-heap@19: assigned reserved memory node qseecom_ta_region
[    0.172465] platform soc:qcom,ion:qcom,ion-heap@10: assigned reserved memory node secure_region
[    0.172661] ION heap system created
[    0.172769] ION heap adsp created at 0x00000000fd000000 with size 800000
[    0.172773] ION heap qsecom created at 0x00000000fe800000 with size 1400000
[    0.172777] ION heap qsecom_ta created at 0x00000000fd800000 with size 1000000
[    0.172781] ION heap secure_display created at 0x00000000ef400000 with size 5c00000
[    0.172788] ION heap secure_heap created
[    0.173606] PMIC@SID0: PM660 v2.0 options: 0, 0, 0, 0
[    0.173714] PMIC@SID2: PM660L v2.0.1 options: 0, 0, 0, 0
[    0.173876] AXI: msm_bus_scale_register_client(): msm_bus_scale_register_client: Bus driver not ready.
[    0.173880] ipa ipa_plat_drv_probe:4896 fail to register with bus mgr!
[    0.174855] Advanced Linux Sound Architecture Driver Initialized.
[    0.175159] Bluetooth: Core ver 2.22
[    0.175171] NET: Registered protocol family 31
[    0.175173] Bluetooth: HCI device and connection manager initialized
[    0.175181] Bluetooth: HCI socket layer initialized
[    0.175185] Bluetooth: L2CAP socket layer initialized
[    0.175189] Bluetooth: SCO socket layer initialized
[    0.175261] pcie:pcie_init.
[    0.179996] qcom-clk-smd-rpm soc:qcom,rpmcc: Registered RPM clocks
[    0.180912] pm660_s4: Bringing 1uV into 1805000-1805000uV
[    0.181177] pm660_s5: Bringing 1uV into 1224000-1224000uV
[    0.181408] pm660_s6: Bringing 1uV into 504000-504000uV
[    0.181644] pm660_l1: Bringing 1uV into 1150000-1150000uV
[    0.181887] pm660_l2: Bringing 1uV into 950000-950000uV
[    0.182122] pm660_l3: Bringing 1uV into 950000-950000uV
[    0.182357] pm660_l5: Bringing 1uV into 525000-525000uV
[    0.182595] pm660_l6: Bringing 1uV into 1200000-1200000uV
[    0.182780] rpm_vreg_device_probe: pm660_l6_pin_ctrl: regulator type=0 does not support device tree property: qcom,init-pin-ctrl-mode
[    0.182794] pm660_l6_pin_ctrl: Bringing 1uV into 1200000-1200000uV
[    0.183033] pm660_l7: Bringing 1uV into 1200000-1200000uV
[    0.183270] pm660_l8: Bringing 1uV into 1750000-1750000uV
[    0.183534] pm660_l9: Bringing 1uV into 1750000-1750000uV
[    0.183711] rpm_vreg_device_probe: pm660_l9_pin_ctrl: regulator type=0 does not support device tree property: qcom,init-pin-ctrl-mode
[    0.183725] pm660_l9_pin_ctrl: Bringing 1uV into 1750000-1750000uV
[    0.183970] pm660_l10: Bringing 1uV into 1780000-1780000uV
[    0.184361] pm660_l11: Bringing 1uV into 1780000-1780000uV
[    0.184604] pm660_l12: Bringing 1uV into 1780000-1780000uV
[    0.184842] pm660_l13: Bringing 1uV into 1780000-1780000uV
[    0.185091] pm660_l14: Bringing 1uV into 1710000-1710000uV
[    0.185330] pm660_l15: Bringing 1uV into 1650000-1650000uV
[    0.185569] pm660_l16: Bringing 1uV into 2800000-2800000uV
[    0.186170] pm660_l17: Bringing 1uV into 1650000-1650000uV
[    0.186414] pm660_l19: Bringing 1uV into 3200000-3200000uV
[    0.186602] rpm_vreg_device_probe: pm660_l19_pin_ctrl: regulator type=0 does not support device tree property: qcom,init-pin-ctrl-mode
[    0.186616] pm660_l19_pin_ctrl: Bringing 1uV into 3200000-3200000uV
[    0.186881] pm660l_s1: Bringing 1uV into 1125000-1125000uV
[    0.187123] pm660l_s2: Bringing 1uV into 1050000-1050000uV
[    0.187369] pm660l_s3_level: Bringing 1uV into 16-16uV
[    0.187562] pm660l_s3_floor_level: Bringing 1uV into 16-16uV
[    0.187823] pm660l_s3_level_ao: Bringing 1uV into 16-16uV
[    0.188161] pm660l_s5_level: Bringing 1uV into 16-16uV
[    0.188353] pm660l_s5_floor_level: Bringing 1uV into 16-16uV
[    0.188614] pm660l_s5_level_ao: Bringing 1uV into 16-16uV
[    0.188863] pm660l_l1: Bringing 1uV into 800000-800000uV
[    0.189104] pm660l_l2: Bringing 1uV into 350000-350000uV
[    0.189363] pm660l_l3: Bringing 1uV into 1710000-1710000uV
[    0.189948] pm660l_l4: Bringing 1uV into 1700000-1700000uV
[    0.190262] pm660l_l5: Bringing 1uV into 1721000-1721000uV
[    0.190510] pm660l_l6: Bringing 1uV into 1700000-1700000uV
[    0.190766] pm660l_l7: Bringing 1uV into 2700000-2700000uV
[    0.190847] pm660l_l7: supplied by pm660_l10
[    0.191025] pm660l_l8: Bringing 1uV into 3200000-3200000uV
[    0.191281] pm660l_l9_level: Bringing 1uV into 16-16uV
[    0.191476] pm660l_l9_floor_level: Bringing 1uV into 16-16uV
[    0.192110] pm660l_l10_level: Bringing 1uV into 16-16uV
[    0.192310] pm660l_l10_floor_level: Bringing 1uV into 16-16uV
[    0.192635] pm660l_bob: Bringing 1uV into 3300000-3300000uV
[    0.192833] pm660l_bob_pin1: Bringing 1uV into 3300000-3300000uV
[    0.192900] cam_avdd_gpio_regulator: supplied by pm660l_bob
[    0.192917] cam_rear_avdd_gpio_regulator: supplied by pm660l_bob
[    0.193055] pm660l_bob_pin2: Bringing 1uV into 3300000-3300000uV
[    0.193236] pm660l_bob_pin3: Bringing 1uV into 3300000-3300000uV
[    0.194257] LCDB: qpnp_lcdb_regulator_probe: LCDB module successfully registered! lcdb_en=1 ldo_voltage=5400mV ncp_voltage=5400mV bst_voltage=5500mV
[    0.194564] arm-smmu 16c0000.arm,smmu-anoc2: 	non-coherent table walk
[    0.194568] arm-smmu 16c0000.arm,smmu-anoc2: 	(IDR0.CTTW overridden by FW configuration)
[    0.194573] arm-smmu 16c0000.arm,smmu-anoc2: 	stream matching with 6 register groups
[    0.197230] arm-smmu 5100000.arm,smmu-lpass_q6: Couldn't get clock: lpass_q6_smmu_clk
[    0.197510] arm-smmu cd00000.arm,smmu-mmss: Couldn't get clock: mmss_mnoc_ahb_clk
[    0.197649] arm-smmu 5040000.arm,smmu-kgsl: Couldn't get clock: gcc_gpu_cfg_ahb_clk
[    0.197852] arm-smmu 5180000.arm,smmu-turing_q6: Couldn't get clock: turing_q6_smmu_clk
[    0.198567] AXI: msm_bus_scale_register_client(): msm_bus_scale_register_client: Bus driver not ready.
[    0.198570] ipa ipa_plat_drv_probe:4896 fail to register with bus mgr!
[    0.212956] Registered GCC clocks
[    0.230242] mmcc-sdm660 c8c0000.clock-controller: Registered MMSS clocks
[    0.230690] cpr4_sdm660_mmss_read_fuse_data: gfx_corner: CPR fusing revision = 0
[    0.230826] cpr4_sdm660_mmss_calculate_open_loop_voltages: gfx_corner: fuse_corner[0] open-loop= 585000 uV
[    0.230829] cpr4_sdm660_mmss_calculate_open_loop_voltages: gfx_corner: fuse_corner[1] open-loop= 645000 uV
[    0.230831] cpr4_sdm660_mmss_calculate_open_loop_voltages: gfx_corner: fuse_corner[2] open-loop= 725000 uV
[    0.230834] cpr4_sdm660_mmss_calculate_open_loop_voltages: gfx_corner: fuse_corner[3] open-loop= 790000 uV
[    0.230836] cpr4_sdm660_mmss_calculate_open_loop_voltages: gfx_corner: fuse_corner[4] open-loop= 870000 uV
[    0.230839] cpr4_sdm660_mmss_calculate_open_loop_voltages: gfx_corner: fuse_corner[5] open-loop= 925000 uV
[    0.230938] cpr3_regulator_init_ctrl: gfx: Default CPR mode = open-loop
[    0.231397] cprh_kbss_read_fuse_data: apc0_pwrcl_corner: speed bin = 1
[    0.231402] cprh_sdm660_kbss_read_fuse_data: apc0_pwrcl_corner: CPR fusing revision = 2
[    0.231466] cprh_kbss_calculate_open_loop_voltages: apc0_pwrcl_corner: fused   LowSVS: open-loop= 614000 uV
[    0.231469] cprh_kbss_calculate_open_loop_voltages: apc0_pwrcl_corner: fused      SVS: open-loop= 654000 uV
[    0.231472] cprh_kbss_calculate_open_loop_voltages: apc0_pwrcl_corner: fused  SVSPLUS: open-loop= 698000 uV
[    0.231475] cprh_kbss_calculate_open_loop_voltages: apc0_pwrcl_corner: fused      NOM: open-loop= 778000 uV
[    0.231477] cprh_kbss_calculate_open_loop_voltages: apc0_pwrcl_corner: fused TURBO_L1: open-loop= 938000 uV
[    0.231504] cprh_kbss_calculate_target_quotients: apc0_pwrcl_corner: fused   LowSVS: quot[ 7]= 339
[    0.231508] cprh_kbss_calculate_target_quotients: apc0_pwrcl_corner: fused      SVS: quot[ 7]= 408, quot_offset[ 7]=  65
[    0.231511] cprh_kbss_calculate_target_quotients: apc0_pwrcl_corner: fused  SVSPLUS: quot[ 7]= 479, quot_offset[ 7]=  70
[    0.231515] cprh_kbss_calculate_target_quotients: apc0_pwrcl_corner: fused      NOM: quot[ 7]= 618, quot_offset[ 7]= 135
[    0.231518] cprh_kbss_calculate_target_quotients: apc0_pwrcl_corner: fused TURBO_L1: quot[ 7]= 864, quot_offset[ 7]= 245
[    0.231725] cpr3_regulator_init_ctrl: apc0: Default CPR mode = full HW closed-loop
[    0.231933] cprh_kbss_read_fuse_data: apc1_perfcl_corner: speed bin = 1
[    0.231938] cprh_sdm660_kbss_read_fuse_data: apc1_perfcl_corner: CPR fusing revision = 2
[    0.232002] cprh_kbss_calculate_open_loop_voltages: apc1_perfcl_corner: fused      SVS: open-loop= 684000 uV
[    0.232005] cprh_kbss_calculate_open_loop_voltages: apc1_perfcl_corner: fused  SVSPLUS: open-loop= 728000 uV
[    0.232007] cprh_kbss_calculate_open_loop_voltages: apc1_perfcl_corner: fused      NOM: open-loop= 798000 uV
[    0.232010] cprh_kbss_calculate_open_loop_voltages: apc1_perfcl_corner: fused    TURBO: open-loop= 918000 uV
[    0.232013] cprh_kbss_calculate_open_loop_voltages: apc1_perfcl_corner: fused TURBO_L2: open-loop= 958000 uV
[    0.232035] cprh_kbss_calculate_target_quotients: apc1_perfcl_corner: fused      SVS: quot[ 7]= 549
[    0.232039] cprh_kbss_calculate_target_quotients: apc1_perfcl_corner: fused  SVSPLUS: quot[ 7]= 634, quot_offset[ 7]=  85
[    0.232042] cprh_kbss_calculate_target_quotients: apc1_perfcl_corner: fused      NOM: quot[ 7]= 779, quot_offset[ 7]= 145
[    0.232046] cprh_kbss_calculate_target_quotients: apc1_perfcl_corner: fused    TURBO: quot[ 7]= 994, quot_offset[ 7]= 215
[    0.232049] cprh_kbss_calculate_target_quotients: apc1_perfcl_corner: fused TURBO_L2: quot[ 7]=1067, quot_offset[ 7]=  70
[    0.232236] cpr3_regulator_init_ctrl: apc1: Default CPR mode = full HW closed-loop
[    0.232978] arm-smmu 5100000.arm,smmu-lpass_q6: 	non-coherent table walk
[    0.232982] arm-smmu 5100000.arm,smmu-lpass_q6: 	(IDR0.CTTW overridden by FW configuration)
[    0.232988] arm-smmu 5100000.arm,smmu-lpass_q6: 	stream matching with 13 register groups
[    0.234500] AXI: msm_bus_scale_register_client(): msm_bus_scale_register_client: Bus driver not ready.
[    0.234504] arm-smmu cd00000.arm,smmu-mmss: Bus client registration failed
[    0.234683] arm-smmu 5040000.arm,smmu-kgsl: 	non-coherent table walk
[    0.234687] arm-smmu 5040000.arm,smmu-kgsl: 	(IDR0.CTTW overridden by FW configuration)
[    0.234691] arm-smmu 5040000.arm,smmu-kgsl: 	stream matching with 3 register groups
[    0.235378] arm-smmu 5180000.arm,smmu-turing_q6: 	non-coherent table walk
[    0.235381] arm-smmu 5180000.arm,smmu-turing_q6: 	(IDR0.CTTW overridden by FW configuration)
[    0.235387] arm-smmu 5180000.arm,smmu-turing_q6: 	stream matching with 11 register groups
[    0.236829] AXI: msm_bus_scale_register_client(): msm_bus_scale_register_client: Bus driver not ready.
[    0.236834] i2c-msm-v2 c175000.i2c: msm_bus_scale_register_client(mstr-id:86):0 (not a problem)
[    0.237010] AXI: msm_bus_scale_register_client(): msm_bus_scale_register_client: Bus driver not ready.
[    0.237248] AXI: msm_bus_scale_register_client(): msm_bus_scale_register_client: Bus driver not ready.
[    0.237252] i2c-msm-v2 c176000.i2c: msm_bus_scale_register_client(mstr-id:86):0 (not a problem)
[    0.237412] AXI: msm_bus_scale_register_client(): msm_bus_scale_register_client: Bus driver not ready.
[    0.237662] AXI: msm_bus_scale_register_client(): msm_bus_scale_register_client: Bus driver not ready.
[    0.237666] i2c-msm-v2 c1b6000.i2c: msm_bus_scale_register_client(mstr-id:84):0 (not a problem)
[    0.237858] AXI: msm_bus_scale_register_client(): msm_bus_scale_register_client: Bus driver not ready.
[    0.238184] AXI: msm_bus_scale_register_client(): msm_bus_scale_register_client: Bus driver not ready.
[    0.238187] ipa ipa_plat_drv_probe:4896 fail to register with bus mgr!
[    0.238823] gpucc_gfx3d_clk: set OPP pair(19200000 Hz: 1 uV) on 5000000.qcom,kgsl-3d0
[    0.238840] gpucc_gfx3d_clk: set OPP pair(588000000 Hz: 6 uV) on 5000000.qcom,kgsl-3d0
[    0.238849] gpucc_gfx3d_clk: set OPP pair(750000000 Hz: 7 uV) on 5000000.qcom,kgsl-3d0
[    0.239134] gpucc-sdm660 5065000.gfx: Registered GPUCC clocks
[    0.239343] clk-cpu-osm 179c0000.qcom,clk-cpu-660: using pwrcl speed bin 1 and pvs_ver 0
[    0.239353] clk-cpu-osm 179c0000.qcom,clk-cpu-660: using perfcl speed bin 1 and pvs_ver 0
[    0.240856] add_opp: Set OPP pair (300000000 Hz, 612000 uv) on cpu0
[    0.240888] add_opp: Set OPP pair (1843200000 Hz, 932000 uv) on cpu0
[    0.240915] add_opp: Set OPP pair (300000000 Hz, 612000 uv) on cpu1
[    0.240942] add_opp: Set OPP pair (1843200000 Hz, 932000 uv) on cpu1
[    0.240967] add_opp: Set OPP pair (300000000 Hz, 612000 uv) on cpu2
[    0.240992] add_opp: Set OPP pair (1843200000 Hz, 932000 uv) on cpu2
[    0.241018] add_opp: Set OPP pair (300000000 Hz, 612000 uv) on cpu3
[    0.241052] add_opp: Set OPP pair (1843200000 Hz, 932000 uv) on cpu3
[    0.241077] add_opp: Set OPP pair (300000000 Hz, 700000 uv) on cpu4
[    0.241100] add_opp: Set OPP pair (2208000000 Hz, 980000 uv) on cpu4
[    0.241113] add_opp: Set OPP pair (300000000 Hz, 700000 uv) on cpu5
[    0.241119] add_opp: Set OPP pair (2208000000 Hz, 980000 uv) on cpu5
[    0.241127] add_opp: Set OPP pair (300000000 Hz, 700000 uv) on cpu6
[    0.241132] add_opp: Set OPP pair (2208000000 Hz, 980000 uv) on cpu6
[    0.241140] add_opp: Set OPP pair (300000000 Hz, 700000 uv) on cpu7
[    0.241149] add_opp: Set OPP pair (2208000000 Hz, 980000 uv) on cpu7
[    0.260101] clk_cpu_osm_driver_probe: OSM driver initialize
[    0.260292] gdsc_gpu_gx: supplied by gfx_corner
[    0.260675] AXI: msm_bus_scale_register_client(): msm_bus_scale_register_client: Bus driver not ready.
[    0.260679] arm-smmu cd00000.arm,smmu-mmss: Bus client registration failed
[    0.260898] legacy-dt-em: Registering EM of 0-3
[    0.260905] energy_model: pd0: EM: OPP:1401600 is inefficient
[    0.260907] energy_model: pd0: EM: OPP:902400 is inefficient
[    0.261141] legacy-dt-em: Registering EM of 4-7
[    0.261144] energy_model: pd4: EM: OPP:1932000 is inefficient
[    0.261146] energy_model: pd4: EM: OPP:1569750 is inefficient
[    0.261256] cpufreq: driver msm up and running
[    0.261319] AXI: msm_bus_scale_register_client(): msm_bus_scale_register_client: Bus driver not ready.
[    0.261321] ipa ipa_plat_drv_probe:4896 fail to register with bus mgr!
[    0.261581] AXI: msm_bus_scale_register_client(): msm_bus_scale_register_client: Bus driver not ready.
[    0.261584] arm-smmu cd00000.arm,smmu-mmss: Bus client registration failed
[    0.261855] clocksource: Switched to clocksource arch_sys_counter
[    0.261931] VFS: Disk quotas dquot_6.6.0
[    0.261963] VFS: Dquot-cache hash table entries: 512 (order 0, 4096 bytes)
[    0.262467] mdss_pll_probe: MDSS pll label = MDSS DSI 0 PLL
[    0.262470] mdss_pll_probe: mdss_pll_probe: label=MDSS DSI 0 PLL PLL SSC enabled
[    0.263545] dsi_pll_clock_register_14nm: Registered DSI PLL ndx=0 clocks successfully
[    0.263590] mdss_pll_probe: MDSS pll label = MDSS DSI 1 PLL
[    0.263594] mdss_pll_probe: mdss_pll_probe: label=MDSS DSI 1 PLL PLL SSC enabled
[    0.264505] dsi_pll_clock_register_14nm: Registered DSI PLL ndx=1 clocks successfully
[    0.264533] mdss_pll_probe: MDSS pll label = MDSS DP PLL
[    0.265025] msm_bus_fabric_init_driver
[    0.270681] msm_bus_dev_init_qos: Skipping QOS init for 1
[    0.270708] msm_bus_dev_init_qos: Skipping QOS init for 727
[    0.270710] msm_bus_dev_init_qos: Skipping QOS init for 728
[    0.270742] msm_bus_device 1620000.ad-hoc-bus: Bus scaling driver probe successful
[    0.271823] NET: Registered protocol family 2
[    0.271944] IP idents hash table entries: 65536 (order: 7, 524288 bytes)
[    0.273732] tcp_listen_portaddr_hash hash table entries: 2048 (order: 3, 32768 bytes)
[    0.273808] TCP established hash table entries: 32768 (order: 6, 262144 bytes)
[    0.273989] TCP bind hash table entries: 32768 (order: 7, 524288 bytes)
[    0.274251] TCP: Hash tables configured (established 32768 bind 32768)
[    0.274322] UDP hash table entries: 2048 (order: 4, 65536 bytes)
[    0.274367] UDP-Lite hash table entries: 2048 (order: 4, 65536 bytes)
[    0.274467] NET: Registered protocol family 1
[    0.274763] PCI: CLS 0 bytes, default 64
[    0.275074] IPA smmu_info.s1_bypass=1 smmu_info.fast_map=0
[    0.275596] iommu: Adding device 14780000.qcom,ipa:ipa_smmu_ap to group 0
[    0.275663] ipa ipa2_uc_state_check:288 uC interface not initialized
[    0.275667] ipa ipa_sps_irq_control_all:959 EP (2) not allocated.
[    0.275669] ipa ipa_sps_irq_control_all:959 EP (5) not allocated.
[    0.277389] sps:BAM 0x0000000014784000 is registered.
[    0.278637] sps:BAM 0x0000000014784000 (va:0x(____ptrval____)) enabled: ver:0x27, number of pipes:20
[    0.302586] IPA driver initialization was successful.
[    0.303656] iommu: Adding device 14780000.qcom,ipa:ipa_smmu_wlan to group 1
[    0.304181] iommu: Adding device 14780000.qcom,ipa:ipa_smmu_uc to group 2
[    0.305205] arm-smmu cd00000.arm,smmu-mmss: 	non-coherent table walk
[    0.305209] arm-smmu cd00000.arm,smmu-mmss: 	(IDR0.CTTW overridden by FW configuration)
[    0.305215] arm-smmu cd00000.arm,smmu-mmss: 	stream matching with 52 register groups
[    0.307174] Unpacking initramfs...
[    0.570959] Freeing initrd memory: 7488K
[    0.572811] hw perfevents: enabled with armv8_pmuv3 PMU driver, 7 counters available
[    0.581928] Initialise system trusted keyrings
[    0.582167] workingset: timestamp_bits=61 max_order=20 bucket_order=0
[    0.585875] Registering sdcardfs 0.1
[    0.586093] ntfs: driver 2.1.32 [Flags: R/W].
[    0.586180] fuse init (API version 7.27)
[    0.593527] Key type asymmetric registered
[    0.593532] Asymmetric key parser 'x509' registered
[    0.593570] Block layer SCSI generic (bsg) driver version 0.4 loaded (major 244)
[    0.593577] io scheduler kyber registered
[    0.593632] io scheduler bfq registered
[    0.601898] msm_mdss_get_res_byname: 'vbif_nrt_phys' resource not found
[    0.601921] mdss_mdp_probe+0x1dc/0x3e80->msm_dss_ioremap_byname: 'vbif_nrt_phys' msm_mdss_get_res_byname failed
[    0.602498] mdss_mdp_irq_clk_setup: unable to get core gdsc regulator
[    0.602658] mdss_mdp_irq_clk_register: unable to get clk: bimc_clk
[    0.603854] No change in context(0==0), skip
[    0.605510] mdss_mdp_probe: mdss version = 0x30020000, bootloader display is on, num 1, intf_sel=0x00000100
[    0.607470] iommu: Adding device c900000.qcom,mdss_mdp:qcom,smmu_mdp_unsec_cb to group 3
[    0.607810] mdss_smmu_probe: iommu v2 domain[0] mapping and clk register successful!
[    0.609370] iommu: Adding device c900000.qcom,mdss_mdp:qcom,smmu_mdp_sec_cb to group 4
[    0.609617] mdss_smmu_probe: iommu v2 domain[2] mapping and clk register successful!
[    0.611597] mdss_dsi_ctrl_probe: DSI Ctrl name = MDSS DSI CTRL->0
[    0.611738] mdss_dsi_find_panel_of_node: cmdline:0:qcom,mdss_dsi_nt36672_tianma_fhd_video:config0:1:none:cfg:single_dsi panel_name:qcom,mdss_dsi_nt36672_tianma_fhd_video
[    0.611767] mdss_dsi_panel_init: Panel Name = tianma nt36672 fhd video mode dsi panel
[    0.611855] mdss_dsi_parse_split_link_settings: enable 0 sublinks-count 0 lanes per sublink 0
[    0.611911] mdss_dsi_panel_timing_from_dt: found new timing "qcom,mdss_dsi_nt36672_tianma_fhd_video" ((____ptrval____))
[    0.611931] mdss_dsi_panel_get_dsc_cfg_np: cannot find dsc config node:config0
[    0.612024] mdss_dsi_parse_panel_features: ulps feature enabled
[    0.612028] mdss_dsi_parse_panel_features: ulps during suspend feature disabled
[    0.612035] mdss_dsi_parse_dms_config: dynamic switch feature enabled: 0
[    0.612075] dyn_fps: min = 48, max = 60
[    0.612208] mdss_dsi_parse_ctrl_params:4404 Unable to read qcom,display-id, data=(____ptrval____),len=20
[    0.612235] mdss_dsi_parse_gpio_params: bklt_en gpio not specified
[    0.612242] mdss_dsi_parse_gpio_params: avdd_en gpio not specified
[    0.612312] msm_mdss_get_res_byname: 'dsi_phy_regulator' resource not found
[    0.612332] mdss_dsi_retrieve_ctrl_resources+0x11c/0x1f0->msm_dss_ioremap_byname: 'dsi_phy_regulator' msm_mdss_get_res_byname failed
[    0.612336] mdss_dsi_retrieve_ctrl_resources: ctrl_base=(____ptrval____) ctrl_size=400 phy_base=(____ptrval____) phy_size=588
[    0.612498] dsi_panel_device_register: Continuous splash enabled
[    0.612546] Unable to find fb node for device: c994000.qcom,mdss_dsi_ctrl0
[    0.612611] mdss_register_panel: adding framebuffer device c994000.qcom,mdss_dsi_ctrl0
[    0.615315] mdss_dsi_ctrl_probe: Dsi Ctrl->0 initialized, DSI rev:0x20010000, PHY rev:0x2
[    0.615349] mdss_dsi_ctrl_probe: DSI Ctrl name = MDSS DSI CTRL->1
[    0.615354] mdss_dsi_pinctrl_init: failed to get pinctrl
[    0.615357] mdss_dsi_ctrl_probe: failed to get pin resources
[    0.615396] mdss_dsi_find_panel_of_node: cmdline:0:qcom,mdss_dsi_nt36672_tianma_fhd_video:config0:1:none:cfg:single_dsi panel_name:none
[    0.615399] mdss_dsi_config_panel: can't find panel node 0:qcom,mdss_dsi_nt36672_tianma_fhd_video:config0:1:none:cfg:single_dsi
[    0.615401] mdss_dsi_ctrl_probe: panel configuration failed
[    0.615421] mdss_dsi_ctrl: probe of c996000.qcom,mdss_dsi_ctrl1 failed with error -22
[    0.615439] mdss_dsi_status_init: DSI status check interval:1000
[    0.616515] mdss_register_panel: adding framebuffer device soc:qcom,mdss_wb_panel
[    0.617133] mdss_fb_probe: fb0: split_mode:0 left:0 right:0
[    0.617233] mdss_fb_register: FrameBuffer[0] 1080x2160 registered successfully!
[    0.617507] mdss_fb_probe: fb1: split_mode:0 left:0 right:0
[    0.617577] mdss_fb_register: FrameBuffer[1] 640x480 registered successfully!
[    0.617623] mdss_mdp_splash_parse_dt: splash mem child node is not present
[    0.617825] mdss_mdp_kcal_store_fb0_ctl panel name tianma nt36672 fhd video mode dsi panel
[    0.617828] mdss_mdp_kcal_store_fb0_ctl panel found...
[    0.617862] kcal_ctrl_init: registered
[    0.618506] qcom-sps-dma c144000.qcom,sps-dma: dma_async_device_register: device has no channels!
[    0.618550] qcom-sps-dma c184000.qcom,sps-dma: dma_async_device_register: device has no channels!
[    0.621010] pil-q6v5-mss 4080000.qcom,mss: No pas_id found.
[    0.621037] minidump-id not found for modem
[    0.621195] platform 4080000.qcom,mss:qcom,mba-mem@0: assigned reserved memory node pil_mba_region@94800000
[    0.622574] minidump-id not found for venus
[    0.622616] subsys-pil-tz cce0000.qcom,venus: for venus segments only will be dumped.
[    0.622656] subsys-pil-tz cce0000.qcom,venus: for md_venus segments only will be dumped.
[    0.622870] minidump-id not found for adsp
[    0.622945] subsys-pil-tz 15700000.qcom,lpass: for adsp segments only will be dumped.
[    0.622982] subsys-pil-tz 15700000.qcom,lpass: for md_adsp segments only will be dumped.
[    0.623490] minidump-id not found for cdsp
[    0.623576] subsys-pil-tz 1a300000.qcom,turing: for cdsp segments only will be dumped.
[    0.623634] subsys-pil-tz 1a300000.qcom,turing: for md_cdsp segments only will be dumped.
[    0.623973] minidump-id not found for a512_zap
[    0.624002] subsys-pil-tz soc:qcom,kgsl-hyp: for a512_zap segments only will be dumped.
[    0.624048] subsys-pil-tz soc:qcom,kgsl-hyp: for md_a512_zap segments only will be dumped.
[    0.630124] memshare_child soc:qcom,memshare:qcom,client_1: for memshare_GPS segments only will be dumped.
[    0.630261] memshare_child soc:qcom,memshare:qcom,client_2: for memshare_FTM segments only will be dumped.
[    0.630327] memshare_child soc:qcom,memshare:qcom,client_3: for memshare_DIAG segments only will be dumped.
[    0.633186] iommu: Adding device 18800000.qcom,icnss to group 5
[    0.633219] icnss: Recursive recovery allowed for WLAN
[    0.633608] icnss 18800000.qcom,icnss: for wcss_msa0 segments only will be dumped.
[    0.633729] icnss: Platform driver probed successfully
[    0.636178] sps: BAM device 0x000000000c184000 is not registered yet.
[    0.636186] sps:BAM 0x000000000c184000 is registered.
[    0.638102] c1af000.uart: ttyHS0 at MMIO 0xc1af000 (irq = 159, base_baud = 460800) is a MSM HS UART
[    0.639808] random: crng init done
[    0.661117] loop: module loaded
[    0.661319] zram: Added device: zram0
[    0.662400] QSEECOM: qseecom_init_control: qseecom.qsee_version = 0x1001000
[    0.662454] QSEECOM: qseecom_retrieve_ce_data: Device does not support PFE
[    0.672500] qce 1de0000.qcedev: QTI Crypto 5.3.4 device found @0x1de0000
[    0.672525] sps:BAM 0x0000000001dc4000 is registered.
[    0.672889] sps:BAM 0x0000000001dc4000 (va:0x00000000c39867d2) enabled: ver:0x27, number of pipes:16
[    0.673309] QCE50: qce_sps_init:  QTI MSM CE-BAM at 0x0000000001dc4000 irq 52
[    0.674592] Error: Driver 'qcrypto' is already registered, aborting...
[    0.675252] qcom_ice_get_device_tree_data: No vdd-hba-supply regulator, assuming not needed
[    0.681449] sps:BAM 0x000000000c184000 (va:0x000000003232ae40) enabled: ver:0x19, number of pipes:12
[    0.681931] Ethernet Channel Bonding Driver: v3.7.1 (April 27, 2011)
[    0.687911] wireguard: WireGuard 1.0.0 loaded. See www.wireguard.com for information.
[    0.687915] wireguard: Copyright (C) 2015-2019 Jason A. Donenfeld <Jason@zx2c4.com>. All Rights Reserved.
[    0.688183] tun: Universal TUN/TAP device driver, 1.6
[    0.688758] CLD80211: Initializing
[    0.688830] usbcore: registered new interface driver r8152
[    0.688845] usbcore: registered new interface driver asix
[    0.688857] usbcore: registered new interface driver ax_usb_nic
[    0.688871] usbcore: registered new interface driver cdc_ether
[    0.688885] usbcore: registered new interface driver cdc_ncm
[    0.693239] msm_sharedmem: msm_sharedmem_probe: Device created for client 'rmtfs'
[    0.694241] msm-qusb-phy c012000.qusb: c012000.qusb supply USB3_GDSC not found, using dummy regulator
[    0.694535] msm-qusb-phy c014000.qusb: c014000.qusb supply USB3_GDSC not found, using dummy regulator
[    0.707890] dwc3 a800000.dwc3: Failed to get clk 'ref': -2
[    0.708655] dwc3 a800000.dwc3: changing max_speed on rev 00000000
[    0.724655] usbcore: registered new interface driver usb-storage
[    0.724673] usbcore: registered new interface driver usb_ehset_test
[    0.724687] usbcore: registered new interface driver lvs
[    0.726900] usb_qcrndis_init: failed to register diag -17
[    0.730971] qpnp-pdphy 800f000.qcom,spmi:qcom,pm660@0:qcom,usb-pdphy@1700: usbpd_create failed: -517
[    0.731277] usbcore: registered new interface driver xpad
[    0.731923] input: uinput-goodix as /devices/virtual/input/input1
[    0.732563] Macle hall_probe
[    0.732589] Macle hall irq_gpio=1242
[    0.732657] input: hall-switch-input as /devices/virtual/input/input2
[    0.733053] i2c-msm-v2 c175000.i2c: msm_bus_scale_register_client(mstr-id:86):0xb (ok)
[    0.733494] hall_probe: gpios = 1, gpion=1
[    0.733878] fpc1020 soc:fpc1020: found pin control fpc1020_reset_reset
[    0.733881] fpc1020 soc:fpc1020: found pin control fpc1020_reset_active
[    0.733885] fpc1020 soc:fpc1020: found pin control fpc1020_irq_active
[    0.734006] Macle hall irq = 264
[    0.734137] genirq: irq_chip msmgpio did not update eff. affinity mask of irq 264
[    0.734280] hall_probe end
[    0.735053] rtc-pm8xxx 800f000.qcom,spmi:qcom,pm660@0:qcom,pm660_rtc: rtc core: registered pm8xxx_rtc as rtc0
[    0.735115] rtc-pm8xxx 800f000.qcom,spmi:qcom,pm660@0:qcom,pm660_rtc: setting system clock to 1970-01-01 19:01:02 UTC (68462)
[    0.735387] i2c_dev: i2c /dev entries driver
[    0.746935] NVT-ts 1-0062: 1-0062 supply vcc_i2c-supply not found, using dummy regulator
[    0.747840] iommu: Adding device cc00000.qcom,vidc:non_secure_cb to group 6
[    0.750611] fpc1020 soc:fpc1020: fpc1020_probe: ok
[    0.754351] iommu: Adding device cc00000.qcom,vidc:secure_bitstream_cb to group 7
[    0.761044] iommu: Adding device cc00000.qcom,vidc:secure_pixel_cb to group 8
[    0.768776] iommu: Adding device 5040000.qcom,kgsl-iommu:gfx3d_user to group 10
[    0.769249] iommu: Adding device 5040000.qcom,kgsl-iommu:gfx3d_secure to group 11
[    0.770665] iommu: Adding device cc00000.qcom,vidc:secure_non_pixel_cb to group 9
[    0.779038] iommu: Adding device soc:qcom,cam_smmu:msm_cam_smmu_cb1 to group 12
[    0.779865] iommu: Adding device soc:qcom,cam_smmu:msm_cam_smmu_cb2 to group 13
[    0.780699] iommu: Adding device soc:qcom,cam_smmu:msm_cam_smmu_cb4 to group 14
[    0.781439] iommu: Adding device soc:qcom,cam_smmu:msm_cam_smmu_cb5 to group 15
[    0.786679] kgsl kgsl-3d0: Bus scaling not enabled
[    0.790261] msm_actuator_platform_probe:1999 msm_actuator_platform_probe: No/Error Actuator GPIOs
[    0.790403] msm_actuator_platform_probe:1999 msm_actuator_platform_probe: No/Error Actuator GPIOs
[    0.790898] msm_eeprom_platform_probe failed 1949
[    0.791139] msm_eeprom_platform_probe failed 1949
[    0.791399] msm_eeprom_platform_probe failed 1949
[    0.792198] qcom,camera-flash soc:qcom,camera-flash@1: Led torch-light0 renamed to torch-light0_1 due to name collision
[    0.798785] CAM-SOC msm_camera_get_reg_base:822 err: mem resource vfe_fuse not found
[    0.798790] CAM-SOC msm_camera_get_res_size:865 err: mem resource vfe_fuse not found
[    0.799197] msm_vfe48_get_dual_sync_platform_data: dual-vfe-irq not supported !
[    0.799305] CAM-SOC msm_camera_get_reg_base:822 err: mem resource vfe_fuse not found
[    0.799308] CAM-SOC msm_camera_get_res_size:865 err: mem resource vfe_fuse not found
[    0.799541] CAM-SOC msm_camera_get_reg_base:822 err: mem resource msm-cam not found
[    0.799545] vfe_hw_probe:fail get dual_sync
[    0.801696] __msm_jpeg_init:1579] Jpeg Device id 0
[    0.814030] QPNP SMB2 probed successfully usb:present=0 type=0 batt:present = 1 health = 1 charge = 1
[    0.819004] bcl_peripheral:bcl_ibat_init ibat register failed. err:-19
[    0.819039] bcl_peripheral:bcl_ibat_init ibat register failed. err:-19
[    0.819228] bcl_peripheral:bcl_vbat_init vbat register failed. err:-19
[    0.819256] bcl_peripheral:bcl_vbat_init vbat register failed. err:-19
[    0.819285] bcl_peripheral:bcl_vbat_init vbat register failed. err:-19
[    0.819315] bcl_peripheral:bcl_probe_soc vbat register failed. err:-19
[    0.820896] device-mapper: uevent: version 1.0.3
[    0.821019] device-mapper: ioctl: 4.39.0-ioctl (2018-04-03) initialised: dm-devel@redhat.com
[    0.821603] bt_power_populate_dt_pinfo: bt-reset-gpio not provided in devicetree
[    0.821609] bt_power_populate_dt_pinfo: wl-reset-gpio not provided in devicetree
[    0.821625] bt_dt_parse_vreg_info: qca,bt-vdd-io: is not provided in device tree
[    0.821627] bt_dt_parse_vreg_info: qca,bt-vdd-xtal: is not provided in device tree
[    0.821642] bt_dt_parse_vreg_info: qca,bt-vdd-aon: is not provided in device tree
[    0.821644] bt_dt_parse_vreg_info: qca,bt-vdd-dig: is not provided in device tree
[    0.821647] bt_dt_parse_vreg_info: qca,bt-vdd-rfa1: is not provided in device tree
[    0.821650] bt_dt_parse_vreg_info: qca,bt-vdd-rfa2: is not provided in device tree
[    0.821653] bt_dt_parse_vreg_info: qca,bt-vdd-asd: is not provided in device tree
[    0.822706] sdhci: Secure Digital Host Controller Interface driver
[    0.822708] sdhci: Copyright(c) Pierre Ossman
[    0.822711] sdhci-pltfm: SDHCI platform and OF driver helper
[    0.823811] sdhci_msm c0c4000.sdhci: Failed to get dll hsr settings from dt
[    0.823821] sdhci_msm c0c4000.sdhci: core_reset unavailable,err = -2
[    0.823824] sdhci_msm c0c4000.sdhci: Reset data parsing error
[    0.825254] usbcore: registered new interface driver usbhid
[    0.825256] usbhid: USB HID core driver
[    0.825304] ashmem: initialized
[    0.825308] wlan: Loading driver v5.2.05.23C
[    0.825825] ipa ipa2_uc_reg_rdyCB:1730 bad parm. inout=          (null) 
[    0.825895] wlan_hdd_state wlan major(503) initialized
[    0.826484] bimc-bwmon 1008000.qcom,cpu-cpu-ddr-bwmon: BW HWmon governor registered.
[    0.827496] bcl_peripheral:bcl_read_soc battery percentage read error:-61
[    0.828991] mmc0: CQHCI version 5.10
[    0.830157] mmc0: SDHCI controller on c0c4000.sdhci [c0c4000.sdhci] using 64-bit ADMA in CMDQ mode
[    0.830351] arm-memlat-mon soc:qcom,cpu0-cpugrp:qcom,cpu0-cpu-ddr-latmon: Memory Latency governor registered.
[    0.830753] arm-memlat-mon soc:qcom,cpu0-cpugrp:qcom,cpu0-computemon: Compute governor registered.
[    0.830959] arm-memlat-mon soc:qcom,cpu4-cpugrp:qcom,cpu4-cpu-ddr-latmon: Memory Latency governor registered.
[    0.831121] arm-memlat-mon soc:qcom,cpu4-cpugrp:qcom,cpu4-computemon: Compute governor registered.
[    0.834806] usbcore: registered new interface driver snd-usb-audio
[    0.835091] iommu: Adding device soc:usb_audio_qmi_dev to group 16
[    0.841715] i2c-msm-v2 c1b6000.i2c: msm_bus_scale_register_client(mstr-id:84):0x12 (ok)
[    0.841814] tas2557 6-004c: tas2557_i2c_probe enter
[    0.859326] sdhci_msm c0c4000.sdhci: mmc0: CQE init: success
[    0.862084] input: NVTCapacitiveTouchScreen as /devices/virtual/input/input3
[    0.863549] tas2557 6-004c: PG2.1 Silicon found
[    0.863698] tas2557 6-004c: tas2557_register_codec, enter
[    0.863791] tas2557 6-004c: tas2557_register_misc, leave
[    0.863795] tas2557 6-004c: tiload_driver_init
[    0.863821] tas2557 6-004c: allocated Major Number: 499
[    0.863854] tas2557 6-004c: Registered TiLoad driver, Major number: 499
[    0.865064] msm-cdc-pinctrl soc:sdw_clk_data_pinctrl: msm_cdc_pinctrl_probe: Cannot get cdc gpio pinctrl:-19
[    0.865089] msm-cdc-pinctrl soc:wsa_spkr_en1_pinctrl: msm_cdc_pinctrl_probe: Cannot get cdc gpio pinctrl:-19
[    0.865113] msm-cdc-pinctrl soc:wsa_spkr_en2_pinctrl: msm_cdc_pinctrl_probe: Cannot get cdc gpio pinctrl:-19
[    0.865471] tas2557 6-004c: Falling back to syfs fallback for: tas2557_uCDSP.bin
[    0.890893] GACT probability NOT on
[    0.890918] Mirror/redirect action on
[    0.890926] u32 classifier
[    0.890928]     Actions configured
[    0.891640] xt_time: kernel timezone is -0000
[    0.891737] gre: GRE over IPv4 demultiplexor driver
[    0.891740] IPv4 over IPsec tunneling driver
[    0.892604] Initializing XFRM netlink socket
[    0.892624] IPsec XFRM device driver
[    0.892889] NET: Registered protocol family 10
[    0.893675] Segment Routing with IPv6
[    0.893735] mip6: Mobile IPv6
[    0.894291] sit: IPv6, IPv4 and MPLS over IPv4 tunneling driver
[    0.894798] NET: Registered protocol family 17
[    0.894811] NET: Registered protocol family 15
[    0.894957] l2tp_core: L2TP core driver, V2.0
[    0.894959] l2tp_ip: L2TP IP encapsulation support (L2TPv3)
[    0.894973] l2tp_netlink: L2TP netlink interface
[    0.894997] l2tp_eth: L2TP ethernet pseudowire support (L2TPv3)
[    0.894999] l2tp_ip6: L2TP IP encapsulation support for IPv6 (L2TPv3)
[    0.895037] sctp: Hash tables configured (bind 256/256)
[    0.896027] cam_dvdd_gpio_regulator: supplied by pm660_s5
[    0.896388] cam_rear_dvdd_gpio_regulator: supplied by pm660_s5
[    0.898639] dwc3 a800000.dwc3: Failed to get clk 'ref': -2
[    0.899404] dwc3 a800000.dwc3: changing max_speed on rev 00000000
[    0.903389] mmc0: Out-of-interrupt timeout is 246[ms]
[    0.903395] mmc0: eMMC FW version: 0x04
[    0.906548] sps:BAM 0x000000000a904000 is registered.
[    0.922922] mmc0: Command Queue Engine enabled
[    0.922940] mmc0: new HS400 Enhanced strobe MMC card at address 0001
[    0.923971] sdhci_msm_pm_qos_cpu_init (): voted for group #0 (mask=0xf) latency=-1
[    0.923974] sdhci_msm_pm_qos_cpu_init (): voted for group #1 (mask=0xf0) latency=-1
[    0.923992] mmcblk0: mmc0:0001 S0J9D8 58.2 GiB 
[    0.924040] mmcblk0rpmb: mmc0:0001 S0J9D8 partition 3 4.00 MiB, chardev (504:0)
[    0.926814]  mmcblk0: p1 p2 p3 p4 p5 p6 p7 p8 p9 p10 p11 p12 p13 p14 p15 p16 p17 p18 p19 p20 p21 p22 p23 p24 p25 p26 p27 p28 p29 p30 p31 p32 p33 p34 p35 p36 p37 p38 p39 p40 p41 p42 p43 p44 p45 p46 p47 p48 p49 p50 p51 p52 p53 p54 p55 p56 p57 p58 p59 p60 p61 p62 p63 p64 p65 p66 p67 p68 p69
[    0.932058] sdhci_msm c084000.sdhci: Failed to get dll hsr settings from dt
[    0.932071] sdhci_msm c084000.sdhci: core_reset unavailable,err = -2
[    0.932074] sdhci_msm c084000.sdhci: Reset data parsing error
[    0.944202] debugfs is not enabled in the kernel
[    0.944250] FG: fg_gen3_probe: battery SOC:50 voltage: 4185780uV temp: 365
[    0.946168] mmc1: SDHCI controller on c084000.sdhci [c084000.sdhci] using 64-bit ADMA in legacy mode
[    0.958369] mdss_dp_parse_gpio_params: 996,hpd gpio not specified
[    0.958644] mdss_register_panel: adding framebuffer device c990000.qcom,dp_ctrl
[    0.959107] mdss_dp_device_register: dp initialized
[    0.959113] hdmi_edid_config_override: invalid edid ctrl data
[    0.960252] dwc3 a800000.dwc3: Failed to get clk 'ref': -2
[    0.961008] dwc3 a800000.dwc3: changing max_speed on rev 00000000
[    0.967749] sps:BAM 0x000000000a904000 is registered.
[    0.989733] mdss_fb_probe: fb2: split_mode:0 left:0 right:0
[    0.989851] mdss_fb_register: FrameBuffer[2] 640x480 registered successfully!
[    0.990355] mdss_mdp_splash_parse_dt: splash mem child node is not present
[    0.990720] core_ctl: Creating CPU group 0
[    0.990723] core_ctl: Init CPU0 state
[    0.990724] core_ctl: Init CPU1 state
[    0.990726] core_ctl: Init CPU2 state
[    0.990727] core_ctl: Init CPU3 state
[    0.990830] core_ctl: Creating CPU group 4
[    0.990832] core_ctl: Init CPU4 state
[    0.990834] core_ctl: Init CPU5 state
[    0.990835] core_ctl: Init CPU6 state
[    0.990837] core_ctl: Init CPU7 state
[    0.991194] registered taskstats version 1
[    0.991197] Loading compiled-in X.509 certificates
[    0.992035] Loaded X.509 cert 'Android: 7e4333f9bba00adfe0ede979e28ed1920492b40f'
[    0.992153] Key type ._fscrypt registered
[    0.992155] Key type .fscrypt registered
[    0.992157] Key type fscrypt-provisioning registered
[    0.996015] fastrpc soc:qcom,msm-adsprpc-mem: for adsp_rh segments only will be dumped.
[    0.996147] adsprpc: init_secure_vmid_list: secure VMID = 33
[    0.996159] adsprpc: fastrpc_probe: service location enabled for avs/audio (audio_pdr_adsprpc)
[    0.997553] iommu: Adding device soc:qcom,msm_fastrpc:qcom,msm_fastrpc_compute_cb1 to group 17
[    0.998650] iommu: Adding device soc:qcom,msm_fastrpc:qcom,msm_fastrpc_compute_cb2 to group 18
[    0.999584] iommu: Adding device soc:qcom,msm_fastrpc:qcom,msm_fastrpc_compute_cb3 to group 19
[    1.000892] iommu: Adding device soc:qcom,msm_fastrpc:qcom,msm_fastrpc_compute_cb4 to group 20
[    1.002197] iommu: Adding device soc:qcom,msm_fastrpc:qcom,msm_fastrpc_compute_cb5 to group 21
[    1.003765] iommu: Adding device soc:qcom,msm_fastrpc:qcom,msm_fastrpc_compute_cb6 to group 22
[    1.005031] iommu: Adding device soc:qcom,msm_fastrpc:qcom,msm_fastrpc_compute_cb7 to group 23
[    1.005825] iommu: Adding device soc:qcom,msm_fastrpc:qcom,msm_fastrpc_compute_cb8 to group 24
[    1.006478] msm-dwc3 a800000.ssusb: DWC3 exited from low power mode
[    1.006942] iommu: Adding device soc:qcom,msm_fastrpc:qcom,msm_fastrpc_compute_cb9 to group 25
[    1.008068] iommu: Adding device soc:qcom,msm_fastrpc:qcom,msm_fastrpc_compute_cb10 to group 26
[    1.008839] iommu: Adding device soc:qcom,msm_fastrpc:qcom,msm_fastrpc_compute_cb11 to group 27
[    1.009675] iommu: Adding device soc:qcom,msm_fastrpc:qcom,msm_fastrpc_compute_cb12 to group 28
[    1.010524] iommu: Adding device soc:qcom,msm_fastrpc:qcom,msm_fastrpc_compute_cb13 to group 29
[    1.012496] adsprpc: fastrpc_device_init: SSR notifier registered for adsp
[    1.012500] adsprpc: fastrpc_device_init: SSR notifier registered for modem
[    1.012506] adsprpc: fastrpc_device_init: SSR notifier registered for slpi
[    1.012510] adsprpc: fastrpc_device_init: SSR notifier registered for cdsp
[    1.017912] input: soc:gpio_keys as /devices/platform/soc/soc:gpio_keys/input/input4
[    1.022685] i2c-msm-v2 c176000.i2c: msm_bus_scale_register_client(mstr-id:86):0x15 (ok)
[    1.022961] smb1351_parallel_charger_probe: smb1351 parallel successfully probed.
[    1.029850] rmnet_ipa started initialization
[    1.029859] IPA SSR support = True
[    1.029861] IPA is_platform_type_msm = True
[    1.029863] IPA SG support = True
[    1.029865] IPA Napi Enable = True
[    1.029869] using default for wan-rx-desc-size = 1024
[    1.036638] ipa ipa_sps_irq_control_all:959 EP (5) not allocated.
[    1.036647] ipa ipa2_uc_state_check:293 uC is not loaded
[    1.037648] rmnet_ipa completed initialization
[    1.041399] RNDIS_IPA module is loaded.
[    1.042063] bimc-bwmon: Zone thres larger than hw limit: hi:0 med:400 lo:0
[    1.048812] cfg80211: Loading compiled-in X.509 certificates for regulatory database
[    1.049673] cfg80211: Loaded X.509 cert 'sforshee: 00b28ddf47aef9cea7'
[    1.052684] regulator_proxy_consumer_remove_all: removing regulator proxy consumer requests
[    1.052972] ALSA device list:
[    1.052977]   No soundcards found.
[    1.053067] Warning: unable to open an initial console.
[    1.053333] Freeing unused kernel memory: 576K
[    1.070160] Run /init as init process
[    1.311091] of_batterydata_get_best_profile: 3797504_lc_d2s_sunwoda_3000mah_fg_averaged_masterslave_jan11th2019 found
[    2.241450] 
               
               
               
                 __                _                     _     
                / _|_ __ ___  __ _| |__   ___ _ __   ___| |__  
               | |_| '__/ _ \/ _` | '_ \ / _ \ '_ \ / __| '_ \ 
               |  _| | |  __/ (_| | |_) |  __/ | | | (__| | | |
               |_| |_|  \___|\__, |_.__/ \___|_| |_|\___|_| |_|
                                |_|                            
               
                          CPU benchmark  by kdrag0n
               
               ------------------------------------------------
               
               Frequency domains: 
[    2.241690] cpu1 
[    2.241750] cpu4 
[    2.241797] 
               Offline CPUs: 
[    2.246010] cpu1 
[    2.272529] cpu2 
[    2.285517] cpu3 
[    2.305318] cpu4 
[    2.325274] cpu5 
[    2.350830] cpu6 
[    2.377446] cpu7 

[    7.411087] Sampling power every 1000 ms
               Baseline power usage: 
[   32.053474] gfx_mem_acc_corner: disabling
[   32.053513] gdsc_ufs: disabling
[   32.053589] cam_avdd_gpio_regulator: disabling
[   32.053597] cam_rear_avdd_gpio_regulator: disabling
[   32.053700] apc0_pwrcl_corner: disabling
[   32.053706] apc1_perfcl_corner: disabling
[   32.053732] cam_dvdd_gpio_regulator: disabling
[   32.053739] cam_rear_dvdd_gpio_regulator: disabling
[   61.066925] tas2557 6-004c: tas2557_fw_ready:
[   61.066936] tas2557 6-004c: tas2557_uCDSP.bin firmware is not loaded.
[   83.517136] 1281 mW
               
               
               ===== CPU 1 =====
               Frequencies: 633 902 1113 1401 1536 1747 1843
               
                633: 
[  134.314979] perf: interrupt took too long (501 > 500), lowering kernel.perf_event_max_sample_rate to 79800
[  147.453107] perf: interrupt took too long (630 > 626), lowering kernel.perf_event_max_sample_rate to 63300
[  166.192539] perf: interrupt took too long (798 > 787), lowering kernel.perf_event_max_sample_rate to 50100
[  193.431127] perf: interrupt took too long (1000 > 997), lowering kernel.perf_event_max_sample_rate to 39900
[  236.111689] perf: interrupt took too long (1266 > 1250), lowering kernel.perf_event_max_sample_rate to 31500
[  237.898024]  2055     3.2 C/MHz     27 mW    4.0 J   75.8 I/mJ   146.0 s
                902: 
[  313.653435] servloc: init_service_locator: init_service_locator: wait for locator service timed out
[  313.653463] servloc: pd_locator_work: Unable to connect to service locator!, rc = -62
[  313.653506] servloc: pd_locator_work: Unable to connect to service locator!, rc = -62
[  313.653522] audio_notifer_reg_service: service SSR_ADSP is in use
[  313.653562] servloc: pd_locator_work: Unable to connect to service locator!, rc = -62
[  313.653570] adsprpc: fastrpc_get_service_location_notify: PDR notifier locator for adsp is down for audio_pdr_adsprpc
[  313.653579] servloc: pd_locator_work: Unable to connect to service locator!, rc = -62
[  349.192103]  2928     3.2 C/MHz     51 mW    5.3 J   57.1 I/mJ   102.5 s
               1113: 
[  357.438237] perf: interrupt took too long (1617 > 1582), lowering kernel.perf_event_max_sample_rate to 24600
[  440.449193]  3613     3.2 C/MHz     71 mW    5.9 J   50.5 I/mJ    83.0 s
               1401: 
[  514.663349]  4544     3.2 C/MHz    101 mW    6.7 J   45.0 I/mJ    66.0 s
               1536: 
[  583.864560]  4982     3.2 C/MHz    132 mW    7.9 J   37.8 I/mJ    60.2 s
               1747: 
[  645.052385]  5673     3.2 C/MHz    176 mW    9.3 J   32.2 I/mJ    52.9 s
               1843: 
[  705.271082]  5981     3.2 C/MHz    201 mW   10.1 J   29.8 I/mJ    50.2 s
               
               
               ===== CPU 4 =====
               Frequencies: 1113 1401 1747 1958 2150 2208
               
               1113: 
[  765.484197]  5823     5.2 C/MHz    244 mW   12.6 J   23.9 I/mJ    51.5 s
               1401: 
[  814.680140]  7325     5.2 C/MHz    326 mW   13.4 J   22.5 I/mJ    41.0 s
               1747: 
[  855.860102]  9137     5.2 C/MHz    498 mW   16.4 J   18.3 I/mJ    32.8 s
               1958: 
[  894.034657] 10236     5.2 C/MHz    677 mW   19.9 J   15.1 I/mJ    29.3 s
               2150: 
[  929.202707] 11236     5.2 C/MHz    782 mW   20.9 J   14.4 I/mJ    26.7 s
               2208: 
[  963.407155] 11533     5.2 C/MHz    977 mW   25.4 J   11.8 I/mJ    26.0 s
               
               
               Benchmark finished!
[  963.450540] 
               real	16m2.257s
               user	12m49.630s
               sys	0m0.336s
